// Jest Snapshot v1, https://goo.gl/fbAQLP

exports[`AddCoinRow renders correctly (with selectedSymbols populated) 1`] = `ShallowWrapper {}`;

exports[`AddCoinRow renders correctly 1`] = `ShallowWrapper {}`;
